---
source: examples/examples/todos/tests.rs
expression: harness.terminal().backend().buffer()
---
Buffer {
    area: Rect { x: 0, y: 0, width: 40, height: 10 },
    content: [
        "             ┌Input────────────────────┐",
        " Add a Todo  │ Add a todo              │",
        "             └─────────────────────────┘",
        "┌Todos─────────────────────────────────┐",
        "│No todos                              │",
        "│                                      │",
        "│                                      │",
        "│                                      │",
        "│                                      │",
        "└──────────────────────────────────────┘",
    ],
    styles: [
        x: 0, y: 0, fg: Reset, bg: Reset, underline: Reset, modifier: NONE,
        x: 15, y: 1, fg: DarkGray, bg: Reset, underline: Reset, modifier: NONE,
        x: 39, y: 1, fg: Reset, bg: Reset, underline: Reset, modifier: NONE,
        x: 1, y: 4, fg: Gray, bg: Reset, underline: Reset, modifier: NONE,
        x: 9, y: 4, fg: Reset, bg: Reset, underline: Reset, modifier: NONE,
    ]
}
