---
source: examples/examples/static_iteration/tests.rs
expression: harness.terminal().backend().buffer()
---
Buffer {
    area: Rect { x: 0, y: 0, width: 20, height: 20 },
    content: [
        "                    ",
        "                    ",
        "  count: 0          ",
        "                    ",
        "                    ",
        "  count: 0          ",
        "                    ",
        "                    ",
        "  count: 0          ",
        "                    ",
        "                    ",
        "  count: 0          ",
        "                    ",
        "                    ",
        "  count: 0          ",
        "                    ",
        "                    ",
        "                    ",
        "                    ",
        "                    ",
    ],
    styles: [
        x: 0, y: 0, fg: Reset, bg: Reset, underline: Reset, modifier: NONE,
        x: 9, y: 2, fg: Cyan, bg: Reset, underline: Reset, modifier: NONE,
        x: 10, y: 2, fg: Reset, bg: Reset, underline: Reset, modifier: NONE,
        x: 9, y: 5, fg: Cyan, bg: Reset, underline: Reset, modifier: NONE,
        x: 10, y: 5, fg: Reset, bg: Reset, underline: Reset, modifier: NONE,
        x: 9, y: 8, fg: Cyan, bg: Reset, underline: Reset, modifier: NONE,
        x: 10, y: 8, fg: Reset, bg: Reset, underline: Reset, modifier: NONE,
        x: 9, y: 11, fg: Cyan, bg: Reset, underline: Reset, modifier: NONE,
        x: 10, y: 11, fg: Reset, bg: Reset, underline: Reset, modifier: NONE,
        x: 9, y: 14, fg: Cyan, bg: Reset, underline: Reset, modifier: NONE,
        x: 10, y: 14, fg: Reset, bg: Reset, underline: Reset, modifier: NONE,
    ]
}
