---
source: examples/examples/static_iteration/tests.rs
expression: buffer
---
Buffer {
    area: Rect { x: 0, y: 0, width: 20, height: 20 },
    content: [
        "                    ",
        " ┌────────┐         ",
        " │count: 1│         ",
        " └────────┘         ",
        "                    ",
        "  count: 0          ",
        "                    ",
        "                    ",
        "  count: 0          ",
        "                    ",
        "                    ",
        "  count: 0          ",
        "                    ",
        "                    ",
        "  count: 0          ",
        "                    ",
        "                    ",
        "                    ",
        "                    ",
        "                    ",
    ],
    styles: [
        x: 0, y: 0, fg: Reset, bg: Reset, modifier: NONE,
        x: 1, y: 1, fg: Blue, bg: Reset, modifier: NONE,
        x: 11, y: 1, fg: Reset, bg: Reset, modifier: NONE,
        x: 1, y: 2, fg: Blue, bg: Reset, modifier: NONE,
        x: 2, y: 2, fg: Reset, bg: Reset, modifier: NONE,
        x: 9, y: 2, fg: Cyan, bg: Reset, modifier: NONE,
        x: 10, y: 2, fg: Blue, bg: Reset, modifier: NONE,
        x: 11, y: 2, fg: Reset, bg: Reset, modifier: NONE,
        x: 1, y: 3, fg: Blue, bg: Reset, modifier: NONE,
        x: 11, y: 3, fg: Reset, bg: Reset, modifier: NONE,
        x: 9, y: 5, fg: Cyan, bg: Reset, modifier: NONE,
        x: 10, y: 5, fg: Reset, bg: Reset, modifier: NONE,
        x: 9, y: 8, fg: Cyan, bg: Reset, modifier: NONE,
        x: 10, y: 8, fg: Reset, bg: Reset, modifier: NONE,
        x: 9, y: 11, fg: Cyan, bg: Reset, modifier: NONE,
        x: 10, y: 11, fg: Reset, bg: Reset, modifier: NONE,
        x: 9, y: 14, fg: Cyan, bg: Reset, modifier: NONE,
        x: 10, y: 14, fg: Reset, bg: Reset, modifier: NONE,
    ]
}
