---
source: examples/examples/dynamic_iteration/tests.rs
expression: harness.terminal().backend().buffer()
---
Buffer {
    area: Rect { x: 0, y: 0, width: 40, height: 20 },
    content: [
        "                                        ",
        " ╭────────────────────────────────────╮ ",
        " │             Add Counter            │ ",
        " ╰────────────────────────────────────╯ ",
        "                                        ",
        "   0. count: 1                          ",
        "                                        ",
        "                                        ",
        "   1. count: 0                          ",
        "                                        ",
        "                                        ",
        "                                        ",
        "                                        ",
        "                                        ",
        "                                        ",
        "                                        ",
        "                                        ",
        "                                        ",
        "                                        ",
        "                                        ",
    ],
    styles: [
        x: 0, y: 0, fg: Reset, bg: Reset, underline: Reset, modifier: NONE,
        x: 1, y: 1, fg: Green, bg: Reset, underline: Reset, modifier: NONE,
        x: 39, y: 1, fg: Reset, bg: Reset, underline: Reset, modifier: NONE,
        x: 1, y: 2, fg: Green, bg: Reset, underline: Reset, modifier: NONE,
        x: 2, y: 2, fg: Reset, bg: Reset, underline: Reset, modifier: NONE,
        x: 38, y: 2, fg: Green, bg: Reset, underline: Reset, modifier: NONE,
        x: 39, y: 2, fg: Reset, bg: Reset, underline: Reset, modifier: NONE,
        x: 1, y: 3, fg: Green, bg: Reset, underline: Reset, modifier: NONE,
        x: 39, y: 3, fg: Reset, bg: Reset, underline: Reset, modifier: NONE,
        x: 6, y: 5, fg: Reset, bg: Reset, underline: Reset, modifier: BOLD,
        x: 13, y: 5, fg: Cyan, bg: Reset, underline: Reset, modifier: NONE,
        x: 14, y: 5, fg: Reset, bg: Reset, underline: Reset, modifier: NONE,
        x: 6, y: 8, fg: Reset, bg: Reset, underline: Reset, modifier: BOLD,
        x: 13, y: 8, fg: Cyan, bg: Reset, underline: Reset, modifier: NONE,
        x: 14, y: 8, fg: Reset, bg: Reset, underline: Reset, modifier: NONE,
    ]
}
