---
source: examples/examples/dynamic_iteration/tests.rs
expression: harness.terminal().backend().buffer()
---
Buffer {
    area: Rect { x: 0, y: 0, width: 40, height: 20 },
    content: [
        "                                        ",
        " ╭────────────────────────────────────╮ ",
        " │             Add Counter            │ ",
        " ╰────────────────────────────────────╯ ",
        "  ╭────╮╭────╮╭───╮                     ",
        "  │ -1 ││ +1 ││ x │ count: 0            ",
        "  ╰────╯╰────╯╰───╯                     ",
        "                                        ",
        "                                        ",
        "                                        ",
        "                                        ",
        "                                        ",
        "                                        ",
        "                                        ",
        "                                        ",
        "                                        ",
        "                                        ",
        "                                        ",
        "                                        ",
        "                                        ",
    ],
    styles: [
        x: 0, y: 0, fg: Reset, bg: Reset, underline: Reset, modifier: NONE,
        x: 1, y: 1, fg: Green, bg: Reset, underline: Reset, modifier: NONE,
        x: 39, y: 1, fg: Reset, bg: Reset, underline: Reset, modifier: NONE,
        x: 1, y: 2, fg: Green, bg: Reset, underline: Reset, modifier: NONE,
        x: 2, y: 2, fg: Reset, bg: Reset, underline: Reset, modifier: NONE,
        x: 38, y: 2, fg: Green, bg: Reset, underline: Reset, modifier: NONE,
        x: 39, y: 2, fg: Reset, bg: Reset, underline: Reset, modifier: NONE,
        x: 1, y: 3, fg: Green, bg: Reset, underline: Reset, modifier: NONE,
        x: 39, y: 3, fg: Reset, bg: Reset, underline: Reset, modifier: NONE,
        x: 2, y: 4, fg: Gray, bg: Reset, underline: Reset, modifier: NONE,
        x: 19, y: 4, fg: Reset, bg: Reset, underline: Reset, modifier: NONE,
        x: 2, y: 5, fg: Gray, bg: Reset, underline: Reset, modifier: NONE,
        x: 3, y: 5, fg: Reset, bg: Reset, underline: Reset, modifier: NONE,
        x: 7, y: 5, fg: Gray, bg: Reset, underline: Reset, modifier: NONE,
        x: 9, y: 5, fg: Reset, bg: Reset, underline: Reset, modifier: NONE,
        x: 13, y: 5, fg: Gray, bg: Reset, underline: Reset, modifier: NONE,
        x: 15, y: 5, fg: Reset, bg: Reset, underline: Reset, modifier: NONE,
        x: 16, y: 5, fg: Red, bg: Reset, underline: Reset, modifier: NONE,
        x: 17, y: 5, fg: Reset, bg: Reset, underline: Reset, modifier: NONE,
        x: 18, y: 5, fg: Gray, bg: Reset, underline: Reset, modifier: NONE,
        x: 19, y: 5, fg: Reset, bg: Reset, underline: Reset, modifier: NONE,
        x: 20, y: 5, fg: Reset, bg: Reset, underline: Reset, modifier: BOLD,
        x: 27, y: 5, fg: Cyan, bg: Reset, underline: Reset, modifier: NONE,
        x: 28, y: 5, fg: Reset, bg: Reset, underline: Reset, modifier: NONE,
        x: 2, y: 6, fg: Gray, bg: Reset, underline: Reset, modifier: NONE,
        x: 19, y: 6, fg: Reset, bg: Reset, underline: Reset, modifier: NONE,
    ]
}
