---
source: examples/examples/dynamic_iteration/tests.rs
expression: buffer
---
Buffer {
    area: Rect { x: 0, y: 0, width: 40, height: 20 },
    content: [
        "╔═══════════╗                           ",
        "║Add Counter║                           ",
        "╚═══════════╝                           ",
        "                                        ",
        "  1. count: 0                           ",
        "                                        ",
        "                                        ",
        "                                        ",
        "                                        ",
        "                                        ",
        "                                        ",
        "                                        ",
        "                                        ",
        "                                        ",
        "                                        ",
        "                                        ",
        "                                        ",
        "                                        ",
        "                                        ",
        "                                        ",
    ],
    styles: [
        x: 0, y: 0, fg: Green, bg: Reset, modifier: NONE,
        x: 13, y: 0, fg: Reset, bg: Reset, modifier: NONE,
        x: 0, y: 1, fg: Green, bg: Reset, modifier: NONE,
        x: 1, y: 1, fg: Reset, bg: Reset, modifier: NONE,
        x: 12, y: 1, fg: Green, bg: Reset, modifier: NONE,
        x: 13, y: 1, fg: Reset, bg: Reset, modifier: NONE,
        x: 0, y: 2, fg: Green, bg: Reset, modifier: NONE,
        x: 13, y: 2, fg: Reset, bg: Reset, modifier: NONE,
        x: 5, y: 4, fg: Reset, bg: Reset, modifier: BOLD,
        x: 12, y: 4, fg: Cyan, bg: Reset, modifier: NONE,
        x: 13, y: 4, fg: Reset, bg: Reset, modifier: NONE,
    ]
}
