---
source: examples/examples/buttons/tests.rs
expression: harness.terminal().backend().buffer()
---
Buffer {
    area: Rect { x: 0, y: 0, width: 25, height: 10 },
    content: [
        "                         ",
        " ╔════════════╗  10 x 5  ",
        " ║   bigger   ║          ",
        " ╚════════════╝          ",
        " ╭────────────╮          ",
        " │   smaller  │          ",
        " ╰────────────╯          ",
        "                         ",
        "                         ",
        "                         ",
    ],
    styles: [
        x: 0, y: 0, fg: Reset, bg: Reset, underline: Reset, modifier: NONE,
        x: 1, y: 1, fg: Blue, bg: Reset, underline: Reset, modifier: NONE,
        x: 15, y: 1, fg: Reset, bg: Reset, underline: Reset, modifier: NONE,
        x: 17, y: 1, fg: Reset, bg: Rgb(64, 80, 48), underline: Reset, modifier: NONE,
        x: 24, y: 1, fg: Reset, bg: Reset, underline: Reset, modifier: NONE,
        x: 1, y: 2, fg: Blue, bg: Reset, underline: Reset, modifier: NONE,
        x: 2, y: 2, fg: Reset, bg: Reset, underline: Reset, modifier: NONE,
        x: 5, y: 2, fg: Reset, bg: Reset, underline: Reset, modifier: BOLD,
        x: 11, y: 2, fg: Reset, bg: Reset, underline: Reset, modifier: NONE,
        x: 14, y: 2, fg: Blue, bg: Reset, underline: Reset, modifier: NONE,
        x: 15, y: 2, fg: Reset, bg: Reset, underline: Reset, modifier: NONE,
        x: 17, y: 2, fg: Reset, bg: Rgb(64, 80, 48), underline: Reset, modifier: NONE,
        x: 24, y: 2, fg: Reset, bg: Reset, underline: Reset, modifier: NONE,
        x: 1, y: 3, fg: Blue, bg: Reset, underline: Reset, modifier: NONE,
        x: 15, y: 3, fg: Reset, bg: Reset, underline: Reset, modifier: NONE,
        x: 17, y: 3, fg: Reset, bg: Rgb(64, 80, 48), underline: Reset, modifier: NONE,
        x: 24, y: 3, fg: Reset, bg: Reset, underline: Reset, modifier: NONE,
        x: 1, y: 4, fg: Gray, bg: Reset, underline: Reset, modifier: NONE,
        x: 15, y: 4, fg: Reset, bg: Reset, underline: Reset, modifier: NONE,
        x: 17, y: 4, fg: Reset, bg: Rgb(64, 80, 48), underline: Reset, modifier: NONE,
        x: 24, y: 4, fg: Reset, bg: Reset, underline: Reset, modifier: NONE,
        x: 1, y: 5, fg: Gray, bg: Reset, underline: Reset, modifier: NONE,
        x: 2, y: 5, fg: Reset, bg: Reset, underline: Reset, modifier: NONE,
        x: 5, y: 5, fg: Reset, bg: Reset, underline: Reset, modifier: BOLD,
        x: 12, y: 5, fg: Reset, bg: Reset, underline: Reset, modifier: NONE,
        x: 14, y: 5, fg: Gray, bg: Reset, underline: Reset, modifier: NONE,
        x: 15, y: 5, fg: Reset, bg: Reset, underline: Reset, modifier: NONE,
        x: 17, y: 5, fg: Reset, bg: Rgb(64, 80, 48), underline: Reset, modifier: NONE,
        x: 24, y: 5, fg: Reset, bg: Reset, underline: Reset, modifier: NONE,
        x: 1, y: 6, fg: Gray, bg: Reset, underline: Reset, modifier: NONE,
        x: 15, y: 6, fg: Reset, bg: Reset, underline: Reset, modifier: NONE,
    ]
}
