---
source: examples/examples/todos/tests.rs
expression: harness.terminal().backend().buffer()
---
Buffer {
    area: Rect { x: 0, y: 0, width: 40, height: 10 },
    content: [
        "            ┌Input─────────────────────┐",
        " Add a Todo │                          │",
        "            └──────────────────────────┘",
        "┌Todos─────────────────────────────────┐",
        "│No todos                              │",
        "│                                      │",
        "│                                      │",
        "│                                      │",
        "│                                      │",
        "└──────────────────────────────────────┘",
    ],
    styles: [
        x: 0, y: 0, fg: Reset, bg: Reset, underline: Reset, modifier: NONE,
        x: 13, y: 1, fg: Reset, bg: Reset, underline: Reset, modifier: REVERSED,
        x: 14, y: 1, fg: Reset, bg: Reset, underline: Reset, modifier: NONE,
        x: 1, y: 4, fg: Gray, bg: Reset, underline: Reset, modifier: NONE,
        x: 9, y: 4, fg: Reset, bg: Reset, underline: Reset, modifier: NONE,
    ]
}
