---
source: examples/examples/dynamic_tabs/tests.rs
expression: buffer
---
Buffer {
    area: Rect { x: 0, y: 0, width: 40, height: 10 },
    content: [
        "                                        ",
        " ┌Demo───────────────┐╭───╮             ",
        " │ Tab1  ✕ │ Tab2  ✕ ││ + │             ",
        " └───────────────────┘╰───╯             ",
        "  tab1                                  ",
        "                                        ",
        "                                        ",
        "                                        ",
        "                                        ",
        "                                        ",
    ],
    styles: [
        x: 0, y: 0, fg: Reset, bg: Reset, modifier: NONE,
        x: 22, y: 1, fg: Gray, bg: Reset, modifier: NONE,
        x: 27, y: 1, fg: Reset, bg: Reset, modifier: NONE,
        x: 3, y: 2, fg: Yellow, bg: Reset, modifier: NONE,
        x: 7, y: 2, fg: Reset, bg: Reset, modifier: NONE,
        x: 9, y: 2, fg: Red, bg: Reset, modifier: NONE,
        x: 10, y: 2, fg: Reset, bg: Reset, modifier: NONE,
        x: 19, y: 2, fg: Red, bg: Reset, modifier: NONE,
        x: 20, y: 2, fg: Reset, bg: Reset, modifier: NONE,
        x: 22, y: 2, fg: Gray, bg: Reset, modifier: NONE,
        x: 23, y: 2, fg: Reset, bg: Reset, modifier: NONE,
        x: 24, y: 2, fg: Green, bg: Reset, modifier: NONE,
        x: 25, y: 2, fg: Reset, bg: Reset, modifier: NONE,
        x: 26, y: 2, fg: Gray, bg: Reset, modifier: NONE,
        x: 27, y: 2, fg: Reset, bg: Reset, modifier: NONE,
        x: 22, y: 3, fg: Gray, bg: Reset, modifier: NONE,
        x: 27, y: 3, fg: Reset, bg: Reset, modifier: NONE,
    ]
}
