---
source: examples/examples/exec/tests.rs
expression: harness.buffer()
snapshot_kind: text
---
Buffer {
    area: Rect { x: 0, y: 0, width: 40, height: 10 },
    content: [
        "╭───────────╮                           ",
        "│Open Editor│                           ",
        "╰───────────╯                           ",
        "                                        ",
        "                                        ",
        "                                        ",
        "                                        ",
        "                                        ",
        "                                        ",
        "                                        ",
    ],
    styles: [
        x: 0, y: 0, fg: Gray, bg: Reset, underline: Reset, modifier: NONE,
        x: 13, y: 0, fg: Reset, bg: Reset, underline: Reset, modifier: NONE,
        x: 0, y: 1, fg: Gray, bg: Reset, underline: Reset, modifier: NONE,
        x: 1, y: 1, fg: Reset, bg: Reset, underline: Reset, modifier: NONE,
        x: 12, y: 1, fg: Gray, bg: Reset, underline: Reset, modifier: NONE,
        x: 13, y: 1, fg: Reset, bg: Reset, underline: Reset, modifier: NONE,
        x: 0, y: 2, fg: Gray, bg: Reset, underline: Reset, modifier: NONE,
        x: 13, y: 2, fg: Reset, bg: Reset, underline: Reset, modifier: NONE,
    ]
}
